Archive member included to satisfy reference by file (symbol)

C:/ST/STM32CubeIDE_1.19.0/STM32CubeIDE/plugins/com.st.stm32cube.ide.mcu.externaltools.gnu-tools-for-stm32.13.3.rel1.win32_1.0.100.202509120712/tools/bin/../lib/gcc/arm-none-eabi/13.3.1/../../../../arm-none-eabi/lib/thumb/v7e-m+fp/hard\libc_nano.a(libc_a-exit.o)
                              C:/ST/STM32CubeIDE_1.19.0/STM32CubeIDE/plugins/com.st.stm32cube.ide.mcu.externaltools.gnu-tools-for-stm32.13.3.rel1.win32_1.0.100.202509120712/tools/bin/../lib/gcc/arm-none-eabi/13.3.1/../../../../arm-none-eabi/lib/thumb/v7e-m+fp/hard/crt0.o (exit)
C:/ST/STM32CubeIDE_1.19.0/STM32CubeIDE/plugins/com.st.stm32cube.ide.mcu.externaltools.gnu-tools-for-stm32.13.3.rel1.win32_1.0.100.202509120712/tools/bin/../lib/gcc/arm-none-eabi/13.3.1/../../../../arm-none-eabi/lib/thumb/v7e-m+fp/hard\libc_nano.a(libc_a-findfp.o)
                              C:/ST/STM32CubeIDE_1.19.0/STM32CubeIDE/plugins/com.st.stm32cube.ide.mcu.externaltools.gnu-tools-for-stm32.13.3.rel1.win32_1.0.100.202509120712/tools/bin/../lib/gcc/arm-none-eabi/13.3.1/../../../../arm-none-eabi/lib/thumb/v7e-m+fp/hard\libc_nano.a(libc_a-exit.o) (__stdio_exit_handler)
C:/ST/STM32CubeIDE_1.19.0/STM32CubeIDE/plugins/com.st.stm32cube.ide.mcu.externaltools.gnu-tools-for-stm32.13.3.rel1.win32_1.0.100.202509120712/tools/bin/../lib/gcc/arm-none-eabi/13.3.1/../../../../arm-none-eabi/lib/thumb/v7e-m+fp/hard\libc_nano.a(libc_a-fwalk.o)
                              C:/ST/STM32CubeIDE_1.19.0/STM32CubeIDE/plugins/com.st.stm32cube.ide.mcu.externaltools.gnu-tools-for-stm32.13.3.rel1.win32_1.0.100.202509120712/tools/bin/../lib/gcc/arm-none-eabi/13.3.1/../../../../arm-none-eabi/lib/thumb/v7e-m+fp/hard\libc_nano.a(libc_a-findfp.o) (_fwalk_sglue)
C:/ST/STM32CubeIDE_1.19.0/STM32CubeIDE/plugins/com.st.stm32cube.ide.mcu.externaltools.gnu-tools-for-stm32.13.3.rel1.win32_1.0.100.202509120712/tools/bin/../lib/gcc/arm-none-eabi/13.3.1/../../../../arm-none-eabi/lib/thumb/v7e-m+fp/hard\libc_nano.a(libc_a-snprintf.o)
                              ./Core/Src/ssd1306_tests.o (snprintf)
C:/ST/STM32CubeIDE_1.19.0/STM32CubeIDE/plugins/com.st.stm32cube.ide.mcu.externaltools.gnu-tools-for-stm32.13.3.rel1.win32_1.0.100.202509120712/tools/bin/../lib/gcc/arm-none-eabi/13.3.1/../../../../arm-none-eabi/lib/thumb/v7e-m+fp/hard\libc_nano.a(libc_a-stdio.o)
                              C:/ST/STM32CubeIDE_1.19.0/STM32CubeIDE/plugins/com.st.stm32cube.ide.mcu.externaltools.gnu-tools-for-stm32.13.3.rel1.win32_1.0.100.202509120712/tools/bin/../lib/gcc/arm-none-eabi/13.3.1/../../../../arm-none-eabi/lib/thumb/v7e-m+fp/hard\libc_nano.a(libc_a-findfp.o) (__sread)
C:/ST/STM32CubeIDE_1.19.0/STM32CubeIDE/plugins/com.st.stm32cube.ide.mcu.externaltools.gnu-tools-for-stm32.13.3.rel1.win32_1.0.100.202509120712/tools/bin/../lib/gcc/arm-none-eabi/13.3.1/../../../../arm-none-eabi/lib/thumb/v7e-m+fp/hard\libc_nano.a(libc_a-memmove.o)
                              ./Core/Src/ssd1306_tests.o (memmove)
C:/ST/STM32CubeIDE_1.19.0/STM32CubeIDE/plugins/com.st.stm32cube.ide.mcu.externaltools.gnu-tools-for-stm32.13.3.rel1.win32_1.0.100.202509120712/tools/bin/../lib/gcc/arm-none-eabi/13.3.1/../../../../arm-none-eabi/lib/thumb/v7e-m+fp/hard\libc_nano.a(libc_a-memset.o)
                              C:/ST/STM32CubeIDE_1.19.0/STM32CubeIDE/plugins/com.st.stm32cube.ide.mcu.externaltools.gnu-tools-for-stm32.13.3.rel1.win32_1.0.100.202509120712/tools/bin/../lib/gcc/arm-none-eabi/13.3.1/../../../../arm-none-eabi/lib/thumb/v7e-m+fp/hard/crt0.o (memset)
C:/ST/STM32CubeIDE_1.19.0/STM32CubeIDE/plugins/com.st.stm32cube.ide.mcu.externaltools.gnu-tools-for-stm32.13.3.rel1.win32_1.0.100.202509120712/tools/bin/../lib/gcc/arm-none-eabi/13.3.1/../../../../arm-none-eabi/lib/thumb/v7e-m+fp/hard\libc_nano.a(libc_a-closer.o)
                              C:/ST/STM32CubeIDE_1.19.0/STM32CubeIDE/plugins/com.st.stm32cube.ide.mcu.externaltools.gnu-tools-for-stm32.13.3.rel1.win32_1.0.100.202509120712/tools/bin/../lib/gcc/arm-none-eabi/13.3.1/../../../../arm-none-eabi/lib/thumb/v7e-m+fp/hard\libc_nano.a(libc_a-stdio.o) (_close_r)
C:/ST/STM32CubeIDE_1.19.0/STM32CubeIDE/plugins/com.st.stm32cube.ide.mcu.externaltools.gnu-tools-for-stm32.13.3.rel1.win32_1.0.100.202509120712/tools/bin/../lib/gcc/arm-none-eabi/13.3.1/../../../../arm-none-eabi/lib/thumb/v7e-m+fp/hard\libc_nano.a(libc_a-reent.o)
                              C:/ST/STM32CubeIDE_1.19.0/STM32CubeIDE/plugins/com.st.stm32cube.ide.mcu.externaltools.gnu-tools-for-stm32.13.3.rel1.win32_1.0.100.202509120712/tools/bin/../lib/gcc/arm-none-eabi/13.3.1/../../../../arm-none-eabi/lib/thumb/v7e-m+fp/hard\libc_nano.a(libc_a-closer.o) (errno)
C:/ST/STM32CubeIDE_1.19.0/STM32CubeIDE/plugins/com.st.stm32cube.ide.mcu.externaltools.gnu-tools-for-stm32.13.3.rel1.win32_1.0.100.202509120712/tools/bin/../lib/gcc/arm-none-eabi/13.3.1/../../../../arm-none-eabi/lib/thumb/v7e-m+fp/hard\libc_nano.a(libc_a-impure.o)
[...]
Memory Configuration

Name             Origin             Length             Attributes
RAM              0x20000000         0x00018000         xrw
RAM2             0x10000000         0x00008000         xrw
FLASH            0x08000000         0x00100000         xr
*default*        0x00000000         0xffffffff

Linker script and memory map

LOAD C:/ST/STM32CubeIDE_1.19.0/STM32CubeIDE/plugins/com.st.stm32cube.ide.mcu.externaltools.gnu-tools-for-stm32.13.3.rel1.win32_1.0.100.202509120712/tools/bin/../lib/gcc/arm-none-eabi/13.3.1/thumb/v7e-m+fp/hard/crti.o
LOAD C:/ST/STM32CubeIDE_1.19.0/STM32CubeIDE/plugins/com.st.stm32cube.ide.mcu.externaltools.gnu-tools-for-stm32.13.3.rel1.win32_1.0.100.202509120712/tools/bin/../lib/gcc/arm-none-eabi/13.3.1/thumb/v7e-m+fp/hard/crtbegin.o
LOAD C:/ST/STM32CubeIDE_1.19.0/STM32CubeIDE/plugins/com.st.stm32cube.ide.mcu.externaltools.gnu-tools-for-stm32.13.3.rel1.win32_1.0.100.202509120712/tools/bin/../lib/gcc/arm-none-eabi/13.3.1/../../../../arm-none-eabi/lib/thumb/v7e-m+fp/hard/crt0.o
LOAD ./Core/Src/main.o
LOAD ./Core/Src/ssd1306.o
LOAD ./Core/Src/ssd1306_fonts.o
LOAD ./Core/Src/ssd1306_tests.o
LOAD ./Core/Src/stm32l4xx_hal_msp.o
LOAD ./Core/Src/stm32l4xx_it.o
LOAD ./Core/Src/sx1509.o
LOAD ./Core/Src/syscalls.o
LOAD ./Core/Src/sysmem.o
LOAD ./Core/Src/system_stm32l4xx.o
LOAD ./Core/Startup/startup_stm32l476rgtx.o
LOAD ./Drivers/STM32L4xx_HAL_Driver/Src/stm32l4xx_hal.o
LOAD ./Drivers/STM32L4xx_HAL_Driver/Src/stm32l4xx_hal_cortex.o
LOAD ./Drivers/STM32L4xx_HAL_Driver/Src/stm32l4xx_hal_dma.o
LOAD ./Drivers/STM32L4xx_HAL_Driver/Src/stm32l4xx_hal_dma_ex.o
LOAD ./Drivers/STM32L4xx_HAL_Driver/Src/stm32l4xx_hal_exti.o
LOAD ./Drivers/STM32L4xx_HAL_Driver/Src/stm32l4xx_hal_flash.o
LOAD ./Drivers/STM32L4xx_HAL_Driver/Src/stm32l4xx_hal_flash_ex.o
LOAD ./Drivers/STM32L4xx_HAL_Driver/Src/stm32l4xx_hal_flash_ramfunc.o
LOAD ./Drivers/STM32L4xx_HAL_Driver/Src/stm32l4xx_hal_gpio.o
LOAD ./Drivers/STM32L4xx_HAL_Driver/Src/stm32l4xx_hal_i2c.o
LOAD ./Drivers/STM32L4xx_HAL_Driver/Src/stm32l4xx_hal_i2c_ex.o
LOAD ./Drivers/STM32L4xx_HAL_Driver/Src/stm32l4xx_hal_pwr.o
LOAD ./Drivers/STM32L4xx_HAL_Driver/Src/stm32l4xx_hal_pwr_ex.o
LOAD ./Drivers/STM32L4xx_HAL_Driver/Src/stm32l4xx_hal_rcc.o
LOAD ./Drivers/STM32L4xx_HAL_Driver/Src/stm32l4xx_hal_rcc_ex.o
LOAD ./Drivers/STM32L4xx_HAL_Driver/Src/stm32l4xx_hal_rtc.o
LOAD ./Drivers/STM32L4xx_HAL_Driver/Src/stm32l4xx_hal_rtc_ex.o
LOAD ./Drivers/STM32L4xx_HAL_Driver/Src/stm32l4xx_hal_spi.o
LOAD ./Drivers/STM32L4xx_HAL_Driver/Src/stm32l4xx_hal_spi_ex.o
LOAD ./Drivers/STM32L4xx_HAL_Driver/Src/stm32l4xx_hal_tim.o
LOAD ./Drivers/STM32L4xx_HAL_Driver/Src/stm32l4xx_hal_tim_ex.o
LOAD ./Drivers/STM32L4xx_HAL_Driver/Src/stm32l4xx_hal_uart.o
LOAD ./Drivers/STM32L4xx_HAL_Driver/Src/stm32l4xx_hal_uart_ex.o
START GROUP
LOAD C:/ST/STM32CubeIDE_1.19.0/STM32CubeIDE/plugins/com.st.stm32cube.ide.mcu.externaltools.gnu-tools-for-stm32.13.3.rel1.win32_1.0.100.202509120712/tools/bin/../lib/gcc/arm-none-eabi/13.3.1/../../../../arm-none-eabi/lib/thumb/v7e-m+fp/hard\libc_nano.a
LOAD C:/ST/STM32CubeIDE_1.19.0/STM32CubeIDE/plugins/com.st.stm32cube.ide.mcu.externaltools.gnu-tools-for-stm32.13.3.rel1.win32_1.0.100.202509120712/tools/bin/../lib/gcc/arm-none-eabi/13.3.1/../../../../arm-none-eabi/lib/thumb/v7e-m+fp/hard\libm.a
END GROUP
START GROUP
LOAD C:/ST/STM32CubeIDE_1.19.0/STM32CubeIDE/plugins/com.st.stm32cube.ide.mcu.externaltools.gnu-tools-for-stm32.13.3.rel1.win32_1.0.100.202509120712/tools/bin/../lib/gcc/arm-none-eabi/13.3.1/thumb/v7e-m+fp/hard\libgcc.a
LOAD C:/ST/STM32CubeIDE_1.19.0/STM32CubeIDE/plugins/com.st.stm32cube.ide.mcu.externaltools.gnu-tools-for-stm32.13.3.rel1.win32_1.0.100.202509120712/tools/bin/../lib/gcc/arm-none-eabi/13.3.1/../../../../arm-none-eabi/lib/thumb/v7e-m+fp/hard\libc_nano.a
END GROUP
START GROUP
LOAD C:/ST/STM32CubeIDE_1.19.0/STM32CubeIDE/plugins/com.st.stm32cube.ide.mcu.externaltools.gnu-tools-for-stm32.13.3.rel1.win32_1.0.100.202509120712/tools/bin/../lib/gcc/arm-none-eabi/13.3.1/thumb/v7e-m+fp/hard\libgcc.a
LOAD C:/ST/STM32CubeIDE_1.19.0/STM32CubeIDE/plugins/com.st.stm32cube.ide.mcu.externaltools.gnu-tools-for-stm32.13.3.rel1.win32_1.0.100.202509120712/tools/bin/../lib/gcc/arm-none-eabi/13.3.1/../../../../arm-none-eabi/lib/thumb/v7e-m+fp/hard\libc_nano.a
LOAD C:/ST/STM32CubeIDE_1.19.0/STM32CubeIDE/plugins/com.st.stm32cube.ide.mcu.externaltools.gnu-tools-for-stm32.13.3.rel1.win32_1.0.100.202509120712/tools/bin/../lib/gcc/arm-none-eabi/13.3.1/../../../../arm-none-eabi/lib/thumb/v7e-m+fp/hard\libnosys.a
END GROUP
START GROUP
LOAD C:/ST/STM32CubeIDE_1.19.0/STM32CubeIDE/plugins/com.st.stm32cube.ide.mcu.externaltools.gnu-tools-for-stm32.13.3.rel1.win32_1.0.100.202509120712/tools/bin/../lib/gcc/arm-none-eabi/13.3.1/thumb/v7e-m+fp/hard\libgcc.a
LOAD C:/ST/STM32CubeIDE_1.19.0/STM32CubeIDE/plugins/com.st.stm32cube.ide.mcu.externaltools.gnu-tools-for-stm32.13.3.rel1.win32_1.0.100.202509120712/tools/bin/../lib/gcc/arm-none-eabi/13.3.1/../../../../arm-none-eabi/lib/thumb/v7e-m+fp/hard\libc_nano.a
LOAD C:/ST/STM32CubeIDE_1.19.0/STM32CubeIDE/plugins/com.st.stm32cube.ide.mcu.externaltools.gnu-tools-for-stm32.13.3.rel1.win32_1.0.100.202509120712/tools/bin/../lib/gcc/arm-none-eabi/13.3.1/../../../../arm-none-eabi/lib/thumb/v7e-m+fp/hard\libnosys.a
END GROUP
LOAD C:/ST/STM32CubeIDE_1.19.0/STM32CubeIDE/plugins/com.st.stm32cube.ide.mcu.externaltools.gnu-tools-for-stm32.13.3.rel1.win32_1.0.100.202509120712/tools/bin/../lib/gcc/arm-none-eabi/13.3.1/thumb/v7e-m+fp/hard/crtend.o
LOAD C:/ST/STM32CubeIDE_1.19.0/STM32CubeIDE/plugins/com.st.stm32cube.ide.mcu.externaltools.gnu-tools-for-stm32.13.3.rel1.win32_1.0.100.202509120712/tools/bin/../lib/gcc/arm-none-eabi/13.3.1/thumb/v7e-m+fp/hard/crtn.o
                0x20018000                        _estack = (ORIGIN (RAM) + LENGTH (RAM))
                0x00000200                        _Min_Heap_Size = 0x200
                0x00000400                        _Min_Stack_Size = 0x400

.isr_vector     0x08000000      0x188
                0x08000000                        . = ALIGN (0x4)
 *(.isr_vector)
 .isr_vector    0x08000000      0x188 ./Core/Startup/startup_stm32l476rgtx.o
                0x08000000                g_pfnVectors
                0x08000188                        . = ALIGN (0x4)

.text           0x08000188     0x4d7c
                0x08000188                        . = ALIGN (0x4)
 *(.text)
 .text          0x08000188       0x40 C:/ST/STM32CubeIDE_1.19.0/STM32CubeIDE/plugins/com.st.stm32cube.ide.mcu.externaltools.gnu-tools-for-stm32.13.3.rel1.win32_1.0.100.202509120712/tools/bin/../lib/gcc/arm-none-eabi/13.3.1/thumb/v7e-m+fp/hard/crtbegin.o
 .text          0x080001c8       0x30 C:/ST/STM32CubeIDE_1.19.0/STM32CubeIDE/plugins/com.st.stm32cube.ide.mcu.externaltools.gnu-tools-for-stm32.13.3.rel1.win32_1.0.100.202509120712/tools/bin/../lib/gcc/arm-none-eabi/13.3.1/thumb/v7e-m+fp/hard\libgcc.a(_aeabi_uldivmod.o)
                0x080001c8                __aeabi_uldivmod
 .text          0x080001f8      0x2f8 C:/ST/STM32CubeIDE_1.19.0/STM32CubeIDE/plugins/com.st.stm32cube.ide.mcu.externaltools.gnu-tools-for-stm32.13.3.rel1.win32_1.0.100.202509120712/tools/bin/../lib/gcc/arm-none-eabi/13.3.1/thumb/v7e-m+fp/hard\libgcc.a(_udivmoddi4.o)
                0x080001f8                __udivmoddi4
 .text          0x080004f0        0x4 C:/ST/STM32CubeIDE_1.19.0/STM32CubeIDE/plugins/com.st.stm32cube.ide.mcu.externaltools.gnu-tools-for-stm32.13.3.rel1.win32_1.0.100.202509120712/tools/bin/../lib/gcc/arm-none-eabi/13.3.1/thumb/v7e-m+fp/hard\libgcc.a(_dvmd_tls.o)
                0x080004f0                __aeabi_idiv0
                0x080004f0                __aeabi_ldiv0
 *(.text*)
 .text.readWordINA
                0x080004f4       0x78 ./Core/Src/main.o
 .text.main     0x0800056c       0x74 ./Core/Src/main.o
                0x0800056c                main
 .text.SystemClock_Config
                0x080005e0       0xa6 ./Core/Src/main.o
                0x080005e0                SystemClock_Config
 *fill*         0x08000686        0x2 
 .text.MX_I2C1_Init
                0x08000688      0x108 ./Core/Src/main.o
 .text.MX_RTC_Init
                0x08000790       0x50 ./Core/Src/main.o
 .text.MX_SPI1_Init
                0x080007e0       0x7c ./Core/Src/main.o
 .text.MX_USART2_UART_Init
                0x0800085c       0x60 ./Core/Src/main.o
 .text.MX_GPIO_Init
                0x080008bc      0x120 ./Core/Src/main.o
 .text.Error_Handler
                0x080009dc        0xc ./Core/Src/main.o
                0x080009dc                Error_Handler
 .text.ssd1306_Reset
                0x080009e8       0x40 ./Core/Src/ssd1306.o
                0x080009e8                ssd1306_Reset
 .text.ssd1306_WriteCommand
                0x08000a28       0x4c ./Core/Src/ssd1306.o
                0x08000a28                ssd1306_WriteCommand
 .text.ssd1306_WriteData
                0x08000a74       0x4c ./Core/Src/ssd1306.o
                0x08000a74                ssd1306_WriteData
 .text.ssd1306_Init
                0x08000ac0       0xd4 ./Core/Src/ssd1306.o
                0x08000ac0                ssd1306_Init
 .text.ssd1306_Fill
                0x08000b94       0x30 ./Core/Src/ssd1306.o
                0x08000b94                ssd1306_Fill
 .text.ssd1306_UpdateScreen
                0x08000bc4       0x50 ./Core/Src/ssd1306.o
                0x08000bc4                ssd1306_UpdateScreen
 .text.ssd1306_DrawPixel
                0x08000c14       0xa8 ./Core/Src/ssd1306.o
                0x08000c14                ssd1306_DrawPixel
 .text.ssd1306_WriteChar
                0x08000cbc      0x120 ./Core/Src/ssd1306.o
                0x08000cbc                ssd1306_WriteChar
 .text.ssd1306_WriteString
                0x08000ddc       0x4c ./Core/Src/ssd1306.o
                0x08000ddc                ssd1306_WriteString
 .text.ssd1306_SetCursor
                0x08000e28       0x30 ./Core/Src/ssd1306.o
                0x08000e28                ssd1306_SetCursor
 .text.ssd1306_SetContrast
                0x08000e58       0x26 ./Core/Src/ssd1306.o
                0x08000e58                ssd1306_SetContrast
 *fill*         0x08000e7e        0x2 
 .text.ssd1306_SetDisplayOn
                0x08000e80       0x3c ./Core/Src/ssd1306.o
                0x08000e80                ssd1306_SetDisplayOn
 .text.HAL_MspInit
                0x08000ebc       0x48 ./Core/Src/stm32l4xx_hal_msp.o
                0x08000ebc                HAL_MspInit
 .text.HAL_I2C_MspInit
                0x08000f04       0xbc ./Core/Src/stm32l4xx_hal_msp.o
                0x08000f04                HAL_I2C_MspInit
 .text.HAL_RTC_MspInit
                0x08000fc0       0x64 ./Core/Src/stm32l4xx_hal_msp.o
                0x08000fc0                HAL_RTC_MspInit
 .text.HAL_SPI_MspInit
                0x08001024       0x84 ./Core/Src/stm32l4xx_hal_msp.o
                0x08001024                HAL_SPI_MspInit
 .text.HAL_UART_MspInit
                0x080010a8       0xb8 ./Core/Src/stm32l4xx_hal_msp.o
                0x080010a8                HAL_UART_MspInit
 .text.NMI_Handler
                0x08001160        0x8 ./Core/Src/stm32l4xx_it.o
                0x08001160                NMI_Handler
 .text.HardFault_Handler
                0x08001168        0x8 ./Core/Src/stm32l4xx_it.o
                0x08001168                HardFault_Handler
 .text.MemManage_Handler
                0x08001170        0x8 ./Core/Src/stm32l4xx_it.o
                0x08001170                MemManage_Handler
 .text.BusFault_Handler
                0x08001178        0x8 ./Core/Src/stm32l4xx_it.o
                0x08001178                BusFault_Handler
 .text.UsageFault_Handler
                0x08001180        0x8 ./Core/Src/stm32l4xx_it.o
                0x08001180                UsageFault_Handler
 .text.SVC_Handler
                0x08001188        0xe ./Core/Src/stm32l4xx_it.o
                0x08001188                SVC_Handler
 .text.DebugMon_Handler
                0x08001196        0xe ./Core/Src/stm32l4xx_it.o
                0x08001196                DebugMon_Handler
 .text.PendSV_Handler
                0x080011a4        0xe ./Core/Src/stm32l4xx_it.o
                0x080011a4                PendSV_Handler
 .text.SysTick_Handler
                0x080011b2        0xc ./Core/Src/stm32l4xx_it.o
                0x080011b2                SysTick_Handler
 *fill*         0x080011be        0x2 
 .text.readWord
                0x080011c0       0x78 ./Core/Src/sx1509.o
                0x080011c0                readWord
 .text.SystemInit
                0x08001238       0x24 ./Core/Src/system_stm32l4xx.o
                0x08001238                SystemInit
 .text.Reset_Handler
                0x0800125c       0x50 ./Core/Startup/startup_stm32l476rgtx.o
                0x0800125c                Reset_Handler
 .text.Default_Handler
                0x080012ac        0x2 ./Core/Startup/startup_stm32l476rgtx.o
                0x080012ac                RTC_Alarm_IRQHandler
                0x080012ac                EXTI2_IRQHandler
                0x080012ac                TIM8_TRG_COM_IRQHandler
                0x080012ac                TIM8_CC_IRQHandler
                0x080012ac                TIM1_CC_IRQHandler
                0x080012ac                TSC_IRQHandler
                0x080012ac                TAMP_STAMP_IRQHandler
                0x080012ac                EXTI3_IRQHandler
                0x080012ac                LPTIM2_IRQHandler
                0x080012ac                DFSDM1_FLT1_IRQHandler
                0x080012ac                I2C3_ER_IRQHandler
                0x080012ac                DFSDM1_FLT2_IRQHandler
                0x080012ac                EXTI0_IRQHandler
                0x080012ac                I2C2_EV_IRQHandler
                0x080012ac                CAN1_RX0_IRQHandler
                0x080012ac                FPU_IRQHandler
                0x080012ac                TIM1_UP_TIM16_IRQHandler
                0x080012ac                ADC1_2_IRQHandler
                0x080012ac                SPI1_IRQHandler
                0x080012ac                TIM6_DAC_IRQHandler
                0x080012ac                TIM8_UP_IRQHandler
                0x080012ac                DMA2_Channel2_IRQHandler
                0x080012ac                DMA1_Channel4_IRQHandler
                0x080012ac                SAI2_IRQHandler
                0x080012ac                DFSDM1_FLT3_IRQHandler
                0x080012ac                USART3_IRQHandler
                0x080012ac                DMA1_Channel7_IRQHandler
                0x080012ac                CAN1_RX1_IRQHandler
                0x080012ac                LCD_IRQHandler
                0x080012ac                UART5_IRQHandler
                0x080012ac                ADC3_IRQHandler
                0x080012ac                TIM4_IRQHandler
                0x080012ac                DMA2_Channel1_IRQHandler
                0x080012ac                QUADSPI_IRQHandler
                0x080012ac                I2C1_EV_IRQHandler
                0x080012ac                DMA1_Channel6_IRQHandler
                0x080012ac                UART4_IRQHandler
                0x080012ac                DMA2_Channel4_IRQHandler
                0x080012ac                TIM3_IRQHandler
                0x080012ac                RCC_IRQHandler
                0x080012ac                DMA1_Channel1_IRQHandler
                0x080012ac                Default_Handler
                0x080012ac                DMA2_Channel7_IRQHandler
                0x080012ac                EXTI15_10_IRQHandler
                0x080012ac                TIM7_IRQHandler
                0x080012ac                SDMMC1_IRQHandler
                0x080012ac                TIM5_IRQHandler
                0x080012ac                I2C3_EV_IRQHandler
                0x080012ac                EXTI9_5_IRQHandler
                0x080012ac                RTC_WKUP_IRQHandler
                0x080012ac                PVD_PVM_IRQHandler
                0x080012ac                SPI2_IRQHandler
                0x080012ac                CAN1_TX_IRQHandler
                0x080012ac                DMA2_Channel5_IRQHandler
                0x080012ac                DMA1_Channel5_IRQHandler
                0x080012ac                EXTI4_IRQHandler
                0x080012ac                RNG_IRQHandler
                0x080012ac                TIM1_TRG_COM_TIM17_IRQHandler
                0x080012ac                DMA1_Channel3_IRQHandler
                0x080012ac                COMP_IRQHandler
                0x080012ac                WWDG_IRQHandler
                0x080012ac                LPUART1_IRQHandler
                0x080012ac                DMA2_Channel6_IRQHandler
                0x080012ac                TIM2_IRQHandler
                0x080012ac                EXTI1_IRQHandler
                0x080012ac                USART2_IRQHandler
                0x080012ac                DFSDM1_FLT0_IRQHandler
                0x080012ac                I2C2_ER_IRQHandler
                0x080012ac                DMA1_Channel2_IRQHandler
                0x080012ac                TIM8_BRK_IRQHandler
                0x080012ac                CAN1_SCE_IRQHandler
                0x080012ac                FLASH_IRQHandler
                0x080012ac                USART1_IRQHandler
                0x080012ac                OTG_FS_IRQHandler
                0x080012ac                SPI3_IRQHandler
                0x080012ac                I2C1_ER_IRQHandler
                0x080012ac                FMC_IRQHandler
                0x080012ac                SWPMI1_IRQHandler
                0x080012ac                LPTIM1_IRQHandler
                0x080012ac                SAI1_IRQHandler
                0x080012ac                DMA2_Channel3_IRQHandler
                0x080012ac                TIM1_BRK_TIM15_IRQHandler
 *fill*         0x080012ae        0x2 
 .text.HAL_Init
                0x080012b0       0x40 ./Drivers/STM32L4xx_HAL_Driver/Src/stm32l4xx_hal.o
                0x080012b0                HAL_Init
 .text.HAL_InitTick
                0x080012f0       0x78 ./Drivers/STM32L4xx_HAL_Driver/Src/stm32l4xx_hal.o
                0x080012f0                HAL_InitTick
 .text.HAL_IncTick
                0x08001368       0x28 ./Drivers/STM32L4xx_HAL_Driver/Src/stm32l4xx_hal.o
                0x08001368                HAL_IncTick
 .text.HAL_GetTick
                0x08001390       0x18 ./Drivers/STM32L4xx_HAL_Driver/Src/stm32l4xx_hal.o
                0x08001390                HAL_GetTick
 .text.HAL_Delay
                0x080013a8       0x48 ./Drivers/STM32L4xx_HAL_Driver/Src/stm32l4xx_hal.o
                0x080013a8                HAL_Delay
 .text.__NVIC_SetPriorityGrouping
                0x080013f0       0x48 ./Drivers/STM32L4xx_HAL_Driver/Src/stm32l4xx_hal_cortex.o
 .text.__NVIC_GetPriorityGrouping
                0x08001438       0x1c ./Drivers/STM32L4xx_HAL_Driver/Src/stm32l4xx_hal_cortex.o
 .text.__NVIC_SetPriority
                0x08001454       0x54 ./Drivers/STM32L4xx_HAL_Driver/Src/stm32l4xx_hal_cortex.o
 .text.NVIC_EncodePriority
                0x080014a8       0x66 ./Drivers/STM32L4xx_HAL_Driver/Src/stm32l4xx_hal_cortex.o
 *fill*         0x0800150e        0x2 
 .text.SysTick_Config
                0x08001510       0x44 ./Drivers/STM32L4xx_HAL_Driver/Src/stm32l4xx_hal_cortex.o
 .text.HAL_NVIC_SetPriorityGrouping
                0x08001554       0x16 ./Drivers/STM32L4xx_HAL_Driver/Src/stm32l4xx_hal_cortex.o
                0x08001554                HAL_NVIC_SetPriorityGrouping
 .text.HAL_NVIC_SetPriority
                0x0800156a       0x38 ./Drivers/STM32L4xx_HAL_Driver/Src/stm32l4xx_hal_cortex.o
                0x0800156a                HAL_NVIC_SetPriority
 .text.HAL_SYSTICK_Config
                0x080015a2       0x18 ./Drivers/STM32L4xx_HAL_Driver/Src/stm32l4xx_hal_cortex.o
                0x080015a2                HAL_SYSTICK_Config
 *fill*         0x080015ba        0x2 
 .text.HAL_GPIO_Init
                0x080015bc      0x354 ./Drivers/STM32L4xx_HAL_Driver/Src/stm32l4xx_hal_gpio.o
                0x080015bc                HAL_GPIO_Init
 .text.HAL_GPIO_WritePin
                0x08001910       0x30 ./Drivers/STM32L4xx_HAL_Driver/Src/stm32l4xx_hal_gpio.o
                0x08001910                HAL_GPIO_WritePin
 .text.HAL_I2C_Init
                0x08001940      0x136 ./Drivers/STM32L4xx_HAL_Driver/Src/stm32l4xx_hal_i2c.o
                0x08001940                HAL_I2C_Init
 *fill*         0x08001a76        0x2 
 .text.HAL_I2C_Master_Transmit
                0x08001a78      0x230 ./Drivers/STM32L4xx_HAL_Driver/Src/stm32l4xx_hal_i2c.o
                0x08001a78                HAL_I2C_Master_Transmit
 .text.HAL_I2C_Master_Receive
                0x08001ca8      0x1ec ./Drivers/STM32L4xx_HAL_Driver/Src/stm32l4xx_hal_i2c.o
                0x08001ca8                HAL_I2C_Master_Receive
 .text.I2C_Flush_TXDR
                0x08001e94       0x48 ./Drivers/STM32L4xx_HAL_Driver/Src/stm32l4xx_hal_i2c.o
 .text.I2C_WaitOnFlagUntilTimeout
                0x08001edc       0x9e ./Drivers/STM32L4xx_HAL_Driver/Src/stm32l4xx_hal_i2c.o
 .text.I2C_WaitOnTXISFlagUntilTimeout
                0x08001f7a       0x8e ./Drivers/STM32L4xx_HAL_Driver/Src/stm32l4xx_hal_i2c.o
 .text.I2C_WaitOnSTOPFlagUntilTimeout
                0x08002008       0x86 ./Drivers/STM32L4xx_HAL_Driver/Src/stm32l4xx_hal_i2c.o
 *fill*         0x0800208e        0x2 
 .text.I2C_WaitOnRXNEFlagUntilTimeout
                0x08002090      0x104 ./Drivers/STM32L4xx_HAL_Driver/Src/stm32l4xx_hal_i2c.o
 .text.I2C_IsErrorOccurred
                0x08002194      0x1c0 ./Drivers/STM32L4xx_HAL_Driver/Src/stm32l4xx_hal_i2c.o
 .text.I2C_TransferConfig
                0x08002354       0x64 ./Drivers/STM32L4xx_HAL_Driver/Src/stm32l4xx_hal_i2c.o
 .text.HAL_I2CEx_ConfigAnalogFilter
                0x080023b8       0x96 ./Drivers/STM32L4xx_HAL_Driver/Src/stm32l4xx_hal_i2c_ex.o
                0x080023b8                HAL_I2CEx_ConfigAnalogFilter
 .text.HAL_I2CEx_ConfigDigitalFilter
                0x0800244e       0x98 ./Drivers/STM32L4xx_HAL_Driver/Src/stm32l4xx_hal_i2c_ex.o
                0x0800244e                HAL_I2CEx_ConfigDigitalFilter
 *fill*         0x080024e6        0x2 
 .text.HAL_PWREx_GetVoltageRange
                0x080024e8       0x1c ./Drivers/STM32L4xx_HAL_Driver/Src/stm32l4xx_hal_pwr_ex.o
                0x080024e8                HAL_PWREx_GetVoltageRange
 .text.HAL_PWREx_ControlVoltageScaling
                0x08002504       0xac ./Drivers/STM32L4xx_HAL_Driver/Src/stm32l4xx_hal_pwr_ex.o
                0x08002504                HAL_PWREx_ControlVoltageScaling
 .text.HAL_RCC_OscConfig
                0x080025b0      0x7b8 ./Drivers/STM32L4xx_HAL_Driver/Src/stm32l4xx_hal_rcc.o
                0x080025b0                HAL_RCC_OscConfig
 .text.HAL_RCC_ClockConfig
                0x08002d68      0x200 ./Drivers/STM32L4xx_HAL_Driver/Src/stm32l4xx_hal_rcc.o
                0x08002d68                HAL_RCC_ClockConfig
 .text.HAL_RCC_GetSysClockFreq
                0x08002f68      0x118 ./Drivers/STM32L4xx_HAL_Driver/Src/stm32l4xx_hal_rcc.o
                0x08002f68                HAL_RCC_GetSysClockFreq
 .text.HAL_RCC_GetHCLKFreq
                0x08003080       0x18 ./Drivers/STM32L4xx_HAL_Driver/Src/stm32l4xx_hal_rcc.o
                0x08003080                HAL_RCC_GetHCLKFreq
 .text.HAL_RCC_GetPCLK1Freq
                0x08003098       0x2c ./Drivers/STM32L4xx_HAL_Driver/Src/stm32l4xx_hal_rcc.o
                0x08003098                HAL_RCC_GetPCLK1Freq
 .text.HAL_RCC_GetPCLK2Freq
                0x080030c4       0x2c ./Drivers/STM32L4xx_HAL_Driver/Src/stm32l4xx_hal_rcc.o
                0x080030c4                HAL_RCC_GetPCLK2Freq
 .text.RCC_SetFlashLatencyFromMSIRange
                0x080030f0       0xc0 ./Drivers/STM32L4xx_HAL_Driver/Src/stm32l4xx_hal_rcc.o
 .text.HAL_RCCEx_PeriphCLKConfig
                0x080031b0      0x5d4 ./Drivers/STM32L4xx_HAL_Driver/Src/stm32l4xx_hal_rcc_ex.o
                0x080031b0                HAL_RCCEx_PeriphCLKConfig
 .text.RCCEx_PLLSAI1_Config
                0x08003784      0x1e8 ./Drivers/STM32L4xx_HAL_Driver/Src/stm32l4xx_hal_rcc_ex.o
 .text.RCCEx_PLLSAI2_Config
                0x0800396c      0x1bc ./Drivers/STM32L4xx_HAL_Driver/Src/stm32l4xx_hal_rcc_ex.o
 .text.HAL_RTC_Init
                0x08003b28      0x110 ./Drivers/STM32L4xx_HAL_Driver/Src/stm32l4xx_hal_rtc.o
                0x08003b28                HAL_RTC_Init
 .text.HAL_RTC_WaitForSynchro
                0x08003c38       0x48 ./Drivers/STM32L4xx_HAL_Driver/Src/stm32l4xx_hal_rtc.o
                0x08003c38                HAL_RTC_WaitForSynchro
 .text.RTC_EnterInitMode
                0x08003c80       0x66 ./Drivers/STM32L4xx_HAL_Driver/Src/stm32l4xx_hal_rtc.o
                0x08003c80                RTC_EnterInitMode
 *fill*         0x08003ce6        0x2 
 .text.RTC_ExitInitMode
                0x08003ce8       0x7c ./Drivers/STM32L4xx_HAL_Driver/Src/stm32l4xx_hal_rtc.o
                0x08003ce8                RTC_ExitInitMode
 .text.HAL_SPI_Init
                0x08003d64      0x146 ./Drivers/STM32L4xx_HAL_Driver/Src/stm32l4xx_hal_spi.o
                0x08003d64                HAL_SPI_Init
 .text.HAL_SPI_Transmit
                0x08003eaa      0x2ea ./Drivers/STM32L4xx_HAL_Driver/Src/stm32l4xx_hal_spi.o
                0x08003eaa                HAL_SPI_Transmit
 .text.SPI_WaitFlagStateUntilTimeout
                0x08004194      0x110 ./Drivers/STM32L4xx_HAL_Driver/Src/stm32l4xx_hal_spi.o
 .text.SPI_WaitFifoStateUntilTimeout
                0x080042a4      0x12c ./Drivers/STM32L4xx_HAL_Driver/Src/stm32l4xx_hal_spi.o
 .text.SPI_EndRxTxTransaction
                0x080043d0       0x8c ./Drivers/STM32L4xx_HAL_Driver/Src/stm32l4xx_hal_spi.o
 .text.HAL_UART_Init
                0x0800445c       0x9c ./Drivers/STM32L4xx_HAL_Driver/Src/stm32l4xx_hal_uart.o
                0x0800445c                HAL_UART_Init
 .text.UART_SetConfig
                0x080044f8      0x570 ./Drivers/STM32L4xx_HAL_Driver/Src/stm32l4xx_hal_uart.o
                0x080044f8                UART_SetConfig
 .text.UART_AdvFeatureConfig
                0x08004a68      0x144 ./Drivers/STM32L4xx_HAL_Driver/Src/stm32l4xx_hal_uart.o
                0x08004a68                UART_AdvFeatureConfig
 .text.UART_CheckIdleState
                0x08004bac      0x150 ./Drivers/STM32L4xx_HAL_Driver/Src/stm32l4xx_hal_uart.o
                0x08004bac                UART_CheckIdleState
 .text.UART_WaitOnFlagUntilTimeout
                0x08004cfc       0xce ./Drivers/STM32L4xx_HAL_Driver/Src/stm32l4xx_hal_uart.o
                0x08004cfc                UART_WaitOnFlagUntilTimeout
 .text.UART_EndRxTransfer
                0x08004dca       0xc8 ./Drivers/STM32L4xx_HAL_Driver/Src/stm32l4xx_hal_uart.o
 .text.memset   0x08004e92       0x10 C:/ST/STM32CubeIDE_1.19.0/STM32CubeIDE/plugins/com.st.stm32cube.ide.mcu.externaltools.gnu-tools-for-stm32.13.3.rel1.win32_1.0.100.202509120712/tools/bin/../lib/gcc/arm-none-eabi/13.3.1/../../../../arm-none-eabi/lib/thumb/v7e-m+fp/hard\libc_nano.a(libc_a-memset.o)
                0x08004e92                memset
 *fill*         0x08004ea2        0x2 
 .text.__libc_init_array
                0x08004ea4       0x48 C:/ST/STM32CubeIDE_1.19.0/STM32CubeIDE/plugins/com.st.stm32cube.ide.mcu.externaltools.gnu-tools-for-stm32.13.3.rel1.win32_1.0.100.202509120712/tools/bin/../lib/gcc/arm-none-eabi/13.3.1/../../../../arm-none-eabi/lib/thumb/v7e-m+fp/hard\libc_nano.a(libc_a-init.o)
                0x08004ea4                __libc_init_array
 *(.glue_7)
 .glue_7        0x08004eec        0x0 linker stubs
 *(.glue_7t)
 .glue_7t       0x08004eec        0x0 linker stubs
 *(.eh_frame)
 .eh_frame      0x08004eec        0x0 C:/ST/STM32CubeIDE_1.19.0/STM32CubeIDE/plugins/com.st.stm32cube.ide.mcu.externaltools.gnu-tools-for-stm32.13.3.rel1.win32_1.0.100.202509120712/tools/bin/../lib/gcc/arm-none-eabi/13.3.1/thumb/v7e-m+fp/hard/crtbegin.o
 *(.init)
 .init          0x08004eec        0x4 C:/ST/STM32CubeIDE_1.19.0/STM32CubeIDE/plugins/com.st.stm32cube.ide.mcu.externaltools.gnu-tools-for-stm32.13.3.rel1.win32_1.0.100.202509120712/tools/bin/../lib/gcc/arm-none-eabi/13.3.1/thumb/v7e-m+fp/hard/crti.o
                0x08004eec                _init
 .init          0x08004ef0        0x8 C:/ST/STM32CubeIDE_1.19.0/STM32CubeIDE/plugins/com.st.stm32cube.ide.mcu.externaltools.gnu-tools-for-stm32.13.3.rel1.win32_1.0.100.202509120712/tools/bin/../lib/gcc/arm-none-eabi/13.3.1/thumb/v7e-m+fp/hard/crtn.o
 *(.fini)
 .fini          0x08004ef8        0x4 C:/ST/STM32CubeIDE_1.19.0/STM32CubeIDE/plugins/com.st.stm32cube.ide.mcu.externaltools.gnu-tools-for-stm32.13.3.rel1.win32_1.0.100.202509120712/tools/bin/../lib/gcc/arm-none-eabi/13.3.1/thumb/v7e-m+fp/hard/crti.o
                0x08004ef8                _fini
 .fini          0x08004efc        0x8 C:/ST/STM32CubeIDE_1.19.0/STM32CubeIDE/plugins/com.st.stm32cube.ide.mcu.externaltools.gnu-tools-for-stm32.13.3.rel1.win32_1.0.100.202509120712/tools/bin/../lib/gcc/arm-none-eabi/13.3.1/thumb/v7e-m+fp/hard/crtn.o
                0x08004f04                        . = ALIGN (0x4)
                0x08004f04                        _etext = .

.vfp11_veneer   0x08004f04        0x0
 .vfp11_veneer  0x08004f04        0x0 linker stubs

.v4_bx          0x08004f04        0x0
 .v4_bx         0x08004f04        0x0 linker stubs

.iplt           0x08004f04        0x0
 .iplt          0x08004f04        0x0 C:/ST/STM32CubeIDE_1.19.0/STM32CubeIDE/plugins/com.st.stm32cube.ide.mcu.externaltools.gnu-tools-for-stm32.13.3.rel1.win32_1.0.100.202509120712/tools/bin/../lib/gcc/arm-none-eabi/13.3.1/thumb/v7e-m+fp/hard/crtbegin.o

.rodata         0x08004f04      0x7d4
                0x08004f04                        . = ALIGN (0x4)
 *(.rodata)
 .rodata        0x08004f04       0x12 ./Core/Src/main.o
 *(.rodata*)
 *fill*         0x08004f16        0x2 
 .rodata.Font7x10
                0x08004f18      0x76c ./Core/Src/ssd1306_fonts.o
 .rodata.Font_7x10
                0x08005684        0xc ./Core/Src/ssd1306_fonts.o
                0x08005684                Font_7x10
 .rodata.AHBPrescTable
                0x08005690       0x10 ./Core/Src/system_stm32l4xx.o
                0x08005690                AHBPrescTable
 .rodata.APBPrescTable
                0x080056a0        0x8 ./Core/Src/system_stm32l4xx.o
                0x080056a0                APBPrescTable
 .rodata.MSIRangeTable
                0x080056a8       0x30 ./Core/Src/system_stm32l4xx.o
                0x080056a8                MSIRangeTable
                0x080056d8                        . = ALIGN (0x4)

.ARM.extab      0x080056d8        0x0
                0x080056d8                        . = ALIGN (0x4)
 *(.ARM.extab* .gnu.linkonce.armextab.*)
                0x080056d8                        . = ALIGN (0x4)

.ARM            0x080056d8        0x8
                0x080056d8                        . = ALIGN (0x4)
                0x080056d8                        __exidx_start = .
 *(.ARM.exidx*)
 .ARM.exidx     0x080056d8        0x8 C:/ST/STM32CubeIDE_1.19.0/STM32CubeIDE/plugins/com.st.stm32cube.ide.mcu.externaltools.gnu-tools-for-stm32.13.3.rel1.win32_1.0.100.202509120712/tools/bin/../lib/gcc/arm-none-eabi/13.3.1/thumb/v7e-m+fp/hard\libgcc.a(_udivmoddi4.o)
                0x080056e0                        __exidx_end = .
                0x080056e0                        . = ALIGN (0x4)

.preinit_array  0x080056e0        0x0
                0x080056e0                        . = ALIGN (0x4)
                0x080056e0                        PROVIDE (__preinit_array_start = .)
 *(.preinit_array*)
                0x080056e0                        PROVIDE (__preinit_array_end = .)
                0x080056e0                        . = ALIGN (0x4)

.init_array     0x080056e0        0x4
                0x080056e0                        . = ALIGN (0x4)
                0x080056e0                        PROVIDE (__init_array_start = .)
 *(SORT_BY_NAME(.init_array.*))
 *(.init_array*)
 .init_array    0x080056e0        0x4 C:/ST/STM32CubeIDE_1.19.0/STM32CubeIDE/plugins/com.st.stm32cube.ide.mcu.externaltools.gnu-tools-for-stm32.13.3.rel1.win32_1.0.100.202509120712/tools/bin/../lib/gcc/arm-none-eabi/13.3.1/thumb/v7e-m+fp/hard/crtbegin.o
                0x080056e4                        PROVIDE (__init_array_end = .)
                0x080056e4                        . = ALIGN (0x4)

.fini_array     0x080056e4        0x4
                0x080056e4                        . = ALIGN (0x4)
                [!provide]                        PROVIDE (__fini_array_start = .)
 *(SORT_BY_NAME(.fini_array.*))
 *(.fini_array*)
 .fini_array    0x080056e4        0x4 C:/ST/STM32CubeIDE_1.19.0/STM32CubeIDE/plugins/com.st.stm32cube.ide.mcu.externaltools.gnu-tools-for-stm32.13.3.rel1.win32_1.0.100.202509120712/tools/bin/../lib/gcc/arm-none-eabi/13.3.1/thumb/v7e-m+fp/hard/crtbegin.o
                [!provide]                        PROVIDE (__fini_array_end = .)
                0x080056e8                        . = ALIGN (0x4)
                0x080056e8                        _sidata = LOADADDR (.data)

.rel.dyn        0x080056e8        0x0
 .rel.iplt      0x080056e8        0x0 C:/ST/STM32CubeIDE_1.19.0/STM32CubeIDE/plugins/com.st.stm32cube.ide.mcu.externaltools.gnu-tools-for-stm32.13.3.rel1.win32_1.0.100.202509120712/tools/bin/../lib/gcc/arm-none-eabi/13.3.1/thumb/v7e-m+fp/hard/crtbegin.o

.data           0x20000000        0xc load address 0x080056e8
                0x20000000                        . = ALIGN (0x4)
                0x20000000                        _sdata = .
 *(.data)
 *(.data*)
 .data.SystemCoreClock
                0x20000000        0x4 ./Core/Src/system_stm32l4xx.o
                0x20000000                SystemCoreClock
 .data.uwTickPrio
                0x20000004        0x4 ./Drivers/STM32L4xx_HAL_Driver/Src/stm32l4xx_hal.o
                0x20000004                uwTickPrio
 .data.uwTickFreq
                0x20000008        0x1 ./Drivers/STM32L4xx_HAL_Driver/Src/stm32l4xx_hal.o
                0x20000008                uwTickFreq
 *(.RamFunc)
 *(.RamFunc*)
                0x2000000c                        . = ALIGN (0x4)
 *fill*         0x20000009        0x3 
                0x2000000c                        _edata = .

.igot.plt       0x2000000c        0x0 load address 0x080056f4
 .igot.plt      0x2000000c        0x0 C:/ST/STM32CubeIDE_1.19.0/STM32CubeIDE/plugins/com.st.stm32cube.ide.mcu.externaltools.gnu-tools-for-stm32.13.3.rel1.win32_1.0.100.202509120712/tools/bin/../lib/gcc/arm-none-eabi/13.3.1/thumb/v7e-m+fp/hard/crtbegin.o
                0x2000000c                        . = ALIGN (0x4)

.bss            0x2000000c      0x58c load address 0x080056f4
                0x2000000c                        _sbss = .
                0x2000000c                        __bss_start__ = _sbss
 *(.bss)
 .bss           0x2000000c       0x1c C:/ST/STM32CubeIDE_1.19.0/STM32CubeIDE/plugins/com.st.stm32cube.ide.mcu.externaltools.gnu-tools-for-stm32.13.3.rel1.win32_1.0.100.202509120712/tools/bin/../lib/gcc/arm-none-eabi/13.3.1/thumb/v7e-m+fp/hard/crtbegin.o
 *(.bss*)
 .bss.hi2c1     0x20000028       0x54 ./Core/Src/main.o
                0x20000028                hi2c1
 .bss.hrtc      0x2000007c       0x24 ./Core/Src/main.o
                0x2000007c                hrtc
 .bss.hspi1     0x200000a0       0x64 ./Core/Src/main.o
                0x200000a0                hspi1
 .bss.huart2    0x20000104       0x88 ./Core/Src/main.o
                0x20000104                huart2
 .bss.SSD1306_Buffer
                0x2000018c      0x400 ./Core/Src/ssd1306.o
 .bss.SSD1306   0x2000058c        0x6 ./Core/Src/ssd1306.o
 *fill*         0x20000592        0x2 
 .bss.uwTick    0x20000594        0x4 ./Drivers/STM32L4xx_HAL_Driver/Src/stm32l4xx_hal.o
                0x20000594                uwTick
 *(COMMON)
                0x20000598                        . = ALIGN (0x4)
                0x20000598                        _ebss = .
                0x20000598                        __bss_end__ = _ebss

._user_heap_stack
                0x20000598      0x600 load address 0x080056f4
                0x20000598                        . = ALIGN (0x8)
                [!provide]                        PROVIDE (end = .)
                0x20000598                        PROVIDE (_end = .)
                0x20000798                        . = (. + _Min_Heap_Size)
 *fill*         0x20000598      0x200 
                0x20000b98                        . = (. + _Min_Stack_Size)
 *fill*         0x20000798      0x400 
                0x20000b98                        . = ALIGN (0x8)

/DISCARD/
 libc.a(*)
 libm.a(*)
 libgcc.a(*)

.ARM.attributes
                0x00000000       0x30
 *(.ARM.attributes)
 .ARM.attributes
                0x00000000       0x22 C:/ST/STM32CubeIDE_1.19.0/STM32CubeIDE/plugins/com.st.stm32cube.ide.mcu.externaltools.gnu-tools-for-stm32.13.3.rel1.win32_1.0.100.202509120712/tools/bin/../lib/gcc/arm-none-eabi/13.3.1/thumb/v7e-m+fp/hard/crti.o
 .ARM.attributes
                0x00000022       0x34 C:/ST/STM32CubeIDE_1.19.0/STM32CubeIDE/plugins/com.st.stm32cube.ide.mcu.externaltools.gnu-tools-for-stm32.13.3.rel1.win32_1.0.100.202509120712/tools/bin/../lib/gcc/arm-none-eabi/13.3.1/thumb/v7e-m+fp/hard/crtbegin.o
 .ARM.attributes
                0x00000056       0x34 ./Core/Src/main.o
 .ARM.attributes
                0x0000008a       0x34 ./Core/Src/ssd1306.o
 .ARM.attributes
                0x000000be       0x34 ./Core/Src/ssd1306_fonts.o
 .ARM.attributes
                0x000000f2       0x34 ./Core/Src/stm32l4xx_hal_msp.o
 .ARM.attributes
                0x00000126       0x34 ./Core/Src/stm32l4xx_it.o
 .ARM.attributes
                0x0000015a       0x34 ./Core/Src/sx1509.o
 .ARM.attributes
                0x0000018e       0x34 ./Core/Src/system_stm32l4xx.o
 .ARM.attributes
                0x000001c2       0x21 ./Core/Startup/startup_stm32l476rgtx.o
 .ARM.attributes
                0x000001e3       0x34 ./Drivers/STM32L4xx_HAL_Driver/Src/stm32l4xx_hal.o
 .ARM.attributes
                0x00000217       0x34 ./Drivers/STM32L4xx_HAL_Driver/Src/stm32l4xx_hal_cortex.o
 .ARM.attributes
                0x0000024b       0x34 ./Drivers/STM32L4xx_HAL_Driver/Src/stm32l4xx_hal_gpio.o
 .ARM.attributes
                0x0000027f       0x34 ./Drivers/STM32L4xx_HAL_Driver/Src/stm32l4xx_hal_i2c.o
 .ARM.attributes
                0x000002b3       0x34 ./Drivers/STM32L4xx_HAL_Driver/Src/stm32l4xx_hal_i2c_ex.o
 .ARM.attributes
                0x000002e7       0x34 ./Drivers/STM32L4xx_HAL_Driver/Src/stm32l4xx_hal_pwr_ex.o
 .ARM.attributes
                0x0000031b       0x34 ./Drivers/STM32L4xx_HAL_Driver/Src/stm32l4xx_hal_rcc.o
 .ARM.attributes
                0x0000034f       0x34 ./Drivers/STM32L4xx_HAL_Driver/Src/stm32l4xx_hal_rcc_ex.o
 .ARM.attributes
                0x00000383       0x34 ./Drivers/STM32L4xx_HAL_Driver/Src/stm32l4xx_hal_rtc.o
 .ARM.attributes
                0x000003b7       0x34 ./Drivers/STM32L4xx_HAL_Driver/Src/stm32l4xx_hal_spi.o
 .ARM.attributes
                0x000003eb       0x34 ./Drivers/STM32L4xx_HAL_Driver/Src/stm32l4xx_hal_uart.o
 .ARM.attributes
                0x0000041f       0x34 C:/ST/STM32CubeIDE_1.19.0/STM32CubeIDE/plugins/com.st.stm32cube.ide.mcu.externaltools.gnu-tools-for-stm32.13.3.rel1.win32_1.0.100.202509120712/tools/bin/../lib/gcc/arm-none-eabi/13.3.1/../../../../arm-none-eabi/lib/thumb/v7e-m+fp/hard\libc_nano.a(libc_a-memset.o)
 .ARM.attributes
                0x00000453       0x34 C:/ST/STM32CubeIDE_1.19.0/STM32CubeIDE/plugins/com.st.stm32cube.ide.mcu.externaltools.gnu-tools-for-stm32.13.3.rel1.win32_1.0.100.202509120712/tools/bin/../lib/gcc/arm-none-eabi/13.3.1/../../../../arm-none-eabi/lib/thumb/v7e-m+fp/hard\libc_nano.a(libc_a-init.o)
 .ARM.attributes
                0x00000487       0x22 C:/ST/STM32CubeIDE_1.19.0/STM32CubeIDE/plugins/com.st.stm32cube.ide.mcu.externaltools.gnu-tools-for-stm32.13.3.rel1.win32_1.0.100.202509120712/tools/bin/../lib/gcc/arm-none-eabi/13.3.1/thumb/v7e-m+fp/hard\libgcc.a(_aeabi_uldivmod.o)
 .ARM.attributes
                0x000004a9       0x34 C:/ST/STM32CubeIDE_1.19.0/STM32CubeIDE/plugins/com.st.stm32cube.ide.mcu.externaltools.gnu-tools-for-stm32.13.3.rel1.win32_1.0.100.202509120712/tools/bin/../lib/gcc/arm-none-eabi/13.3.1/thumb/v7e-m+fp/hard\libgcc.a(_udivmoddi4.o)
 .ARM.attributes
                0x000004dd       0x22 C:/ST/STM32CubeIDE_1.19.0/STM32CubeIDE/plugins/com.st.stm32cube.ide.mcu.externaltools.gnu-tools-for-stm32.13.3.rel1.win32_1.0.100.202509120712/tools/bin/../lib/gcc/arm-none-eabi/13.3.1/thumb/v7e-m+fp/hard\libgcc.a(_dvmd_tls.o)
 .ARM.attributes
                0x000004ff       0x22 C:/ST/STM32CubeIDE_1.19.0/STM32CubeIDE/plugins/com.st.stm32cube.ide.mcu.externaltools.gnu-tools-for-stm32.13.3.rel1.win32_1.0.100.202509120712/tools/bin/../lib/gcc/arm-none-eabi/13.3.1/thumb/v7e-m+fp/hard/crtn.o
OUTPUT(testowy.elf elf32-littlearm)
LOAD linker stubs
LOAD C:/ST/STM32CubeIDE_1.19.0/STM32CubeIDE/plugins/com.st.stm32cube.ide.mcu.externaltools.gnu-tools-for-stm32.13.3.rel1.win32_1.0.100.202509120712/tools/bin/../lib/gcc/arm-none-eabi/13.3.1/../../../../arm-none-eabi/lib/thumb/v7e-m+fp/hard\libc.a
LOAD C:/ST/STM32CubeIDE_1.19.0/STM32CubeIDE/plugins/com.st.stm32cube.ide.mcu.externaltools.gnu-tools-for-stm32.13.3.rel1.win32_1.0.100.202509120712/tools/bin/../lib/gcc/arm-none-eabi/13.3.1/../../../../arm-none-eabi/lib/thumb/v7e-m+fp/hard\libm.a
LOAD C:/ST/STM32CubeIDE_1.19.0/STM32CubeIDE/plugins/com.st.stm32cube.ide.mcu.externaltools.gnu-tools-for-stm32.13.3.rel1.win32_1.0.100.202509120712/tools/bin/../lib/gcc/arm-none-eabi/13.3.1/thumb/v7e-m+fp/hard\libgcc.a

.debug_info     0x00000000    0x126e3
 .debug_info    0x00000000     0x1be2 ./Core/Src/main.o
 .debug_info    0x00001be2     0x1306 ./Core/Src/ssd1306.o
 .debug_info    0x00002ee8      0x2a4 ./Core/Src/ssd1306_fonts.o
 .debug_info    0x0000318c     0x17d8 ./Core/Src/stm32l4xx_hal_msp.o
 .debug_info    0x00004964      0x113 ./Core/Src/stm32l4xx_it.o
 .debug_info    0x00004a77      0x908 ./Core/Src/sx1509.o
 .debug_info    0x0000537f      0x5b1 ./Core/Src/system_stm32l4xx.o
 .debug_info    0x00005930       0x30 ./Core/Startup/startup_stm32l476rgtx.o
 .debug_info    0x00005960      0xc09 ./Drivers/STM32L4xx_HAL_Driver/Src/stm32l4xx_hal.o
 .debug_info    0x00006569      0xd4c ./Drivers/STM32L4xx_HAL_Driver/Src/stm32l4xx_hal_cortex.o
 .debug_info    0x000072b5      0x757 ./Drivers/STM32L4xx_HAL_Driver/Src/stm32l4xx_hal_gpio.o
 .debug_info    0x00007a0c     0x2093 ./Drivers/STM32L4xx_HAL_Driver/Src/stm32l4xx_hal_i2c.o
 .debug_info    0x00009a9f      0x981 ./Drivers/STM32L4xx_HAL_Driver/Src/stm32l4xx_hal_i2c_ex.o
 .debug_info    0x0000a420      0x99e ./Drivers/STM32L4xx_HAL_Driver/Src/stm32l4xx_hal_pwr_ex.o
 .debug_info    0x0000adbe      0xc14 ./Drivers/STM32L4xx_HAL_Driver/Src/stm32l4xx_hal_rcc.o
 .debug_info    0x0000b9d2      0xe11 ./Drivers/STM32L4xx_HAL_Driver/Src/stm32l4xx_hal_rcc_ex.o
 .debug_info    0x0000c7e3      0xd7d ./Drivers/STM32L4xx_HAL_Driver/Src/stm32l4xx_hal_rtc.o
 .debug_info    0x0000d560     0x161a ./Drivers/STM32L4xx_HAL_Driver/Src/stm32l4xx_hal_spi.o
 .debug_info    0x0000eb7a     0x3b69 ./Drivers/STM32L4xx_HAL_Driver/Src/stm32l4xx_hal_uart.o

.debug_abbrev   0x00000000     0x274f
 .debug_abbrev  0x00000000      0x333 ./Core/Src/main.o
 .debug_abbrev  0x00000333      0x348 ./Core/Src/ssd1306.o
 .debug_abbrev  0x0000067b       0xcf ./Core/Src/ssd1306_fonts.o
 .debug_abbrev  0x0000074a      0x23a ./Core/Src/stm32l4xx_hal_msp.o
 .debug_abbrev  0x00000984       0x73 ./Core/Src/stm32l4xx_it.o
 .debug_abbrev  0x000009f7      0x21c ./Core/Src/sx1509.o
 .debug_abbrev  0x00000c13      0x11a ./Core/Src/system_stm32l4xx.o
 .debug_abbrev  0x00000d2d       0x24 ./Core/Startup/startup_stm32l476rgtx.o
 .debug_abbrev  0x00000d51      0x243 ./Drivers/STM32L4xx_HAL_Driver/Src/stm32l4xx_hal.o
 .debug_abbrev  0x00000f94      0x327 ./Drivers/STM32L4xx_HAL_Driver/Src/stm32l4xx_hal_cortex.o
 .debug_abbrev  0x000012bb      0x1cb ./Drivers/STM32L4xx_HAL_Driver/Src/stm32l4xx_hal_gpio.o
 .debug_abbrev  0x00001486      0x261 ./Drivers/STM32L4xx_HAL_Driver/Src/stm32l4xx_hal_i2c.o
 .debug_abbrev  0x000016e7      0x1c3 ./Drivers/STM32L4xx_HAL_Driver/Src/stm32l4xx_hal_i2c_ex.o
 .debug_abbrev  0x000018aa      0x1f9 ./Drivers/STM32L4xx_HAL_Driver/Src/stm32l4xx_hal_pwr_ex.o
 .debug_abbrev  0x00001aa3      0x2cb ./Drivers/STM32L4xx_HAL_Driver/Src/stm32l4xx_hal_rcc.o
 .debug_abbrev  0x00001d6e      0x2a6 ./Drivers/STM32L4xx_HAL_Driver/Src/stm32l4xx_hal_rcc_ex.o
 .debug_abbrev  0x00002014      0x201 ./Drivers/STM32L4xx_HAL_Driver/Src/stm32l4xx_hal_rtc.o
 .debug_abbrev  0x00002215      0x26a ./Drivers/STM32L4xx_HAL_Driver/Src/stm32l4xx_hal_spi.o
 .debug_abbrev  0x0000247f      0x2d0 ./Drivers/STM32L4xx_HAL_Driver/Src/stm32l4xx_hal_uart.o

.debug_aranges  0x00000000      0xfc8
 .debug_aranges
                0x00000000       0x60 ./Core/Src/main.o
 .debug_aranges
                0x00000060       0xe8 ./Core/Src/ssd1306.o
 .debug_aranges
                0x00000148       0x18 ./Core/Src/ssd1306_fonts.o
 .debug_aranges
                0x00000160       0x60 ./Core/Src/stm32l4xx_hal_msp.o
 .debug_aranges
                0x000001c0       0x60 ./Core/Src/stm32l4xx_it.o
 .debug_aranges
                0x00000220       0x38 ./Core/Src/sx1509.o
 .debug_aranges
                0x00000258       0x28 ./Core/Src/system_stm32l4xx.o
 .debug_aranges
                0x00000280       0x28 ./Core/Startup/startup_stm32l476rgtx.o
 .debug_aranges
                0x000002a8      0x130 ./Drivers/STM32L4xx_HAL_Driver/Src/stm32l4xx_hal.o
 .debug_aranges
                0x000003d8      0x118 ./Drivers/STM32L4xx_HAL_Driver/Src/stm32l4xx_hal_cortex.o
 .debug_aranges
                0x000004f0       0x58 ./Drivers/STM32L4xx_HAL_Driver/Src/stm32l4xx_hal_gpio.o
 .debug_aranges
                0x00000548      0x2a0 ./Drivers/STM32L4xx_HAL_Driver/Src/stm32l4xx_hal_i2c.o
 .debug_aranges
                0x000007e8       0x48 ./Drivers/STM32L4xx_HAL_Driver/Src/stm32l4xx_hal_i2c_ex.o
 .debug_aranges
                0x00000830      0x160 ./Drivers/STM32L4xx_HAL_Driver/Src/stm32l4xx_hal_pwr_ex.o
 .debug_aranges
                0x00000990       0x90 ./Drivers/STM32L4xx_HAL_Driver/Src/stm32l4xx_hal_rcc.o
 .debug_aranges
                0x00000a20       0xc0 ./Drivers/STM32L4xx_HAL_Driver/Src/stm32l4xx_hal_rcc_ex.o
 .debug_aranges
                0x00000ae0       0xe8 ./Drivers/STM32L4xx_HAL_Driver/Src/stm32l4xx_hal_rtc.o
 .debug_aranges
                0x00000bc8      0x1d8 ./Drivers/STM32L4xx_HAL_Driver/Src/stm32l4xx_hal_spi.o
 .debug_aranges
                0x00000da0      0x228 ./Drivers/STM32L4xx_HAL_Driver/Src/stm32l4xx_hal_uart.o

.debug_rnglists
                0x00000000      0xc37
 .debug_rnglists
                0x00000000       0x46 ./Core/Src/main.o
 .debug_rnglists
                0x00000046       0xb4 ./Core/Src/ssd1306.o
 .debug_rnglists
                0x000000fa       0x46 ./Core/Src/stm32l4xx_hal_msp.o
 .debug_rnglists
                0x00000140       0x43 ./Core/Src/stm32l4xx_it.o
 .debug_rnglists
                0x00000183       0x26 ./Core/Src/sx1509.o
 .debug_rnglists
                0x000001a9       0x1a ./Core/Src/system_stm32l4xx.o
 .debug_rnglists
                0x000001c3       0x19 ./Core/Startup/startup_stm32l476rgtx.o
 .debug_rnglists
                0x000001dc       0xdf ./Drivers/STM32L4xx_HAL_Driver/Src/stm32l4xx_hal.o
 .debug_rnglists
                0x000002bb       0xce ./Drivers/STM32L4xx_HAL_Driver/Src/stm32l4xx_hal_cortex.o
 .debug_rnglists
                0x00000389       0x3f ./Drivers/STM32L4xx_HAL_Driver/Src/stm32l4xx_hal_gpio.o
 .debug_rnglists
                0x000003c8      0x228 ./Drivers/STM32L4xx_HAL_Driver/Src/stm32l4xx_hal_i2c.o
 .debug_rnglists
                0x000005f0       0x35 ./Drivers/STM32L4xx_HAL_Driver/Src/stm32l4xx_hal_i2c_ex.o
 .debug_rnglists
                0x00000625      0x109 ./Drivers/STM32L4xx_HAL_Driver/Src/stm32l4xx_hal_pwr_ex.o
 .debug_rnglists
                0x0000072e       0x6d ./Drivers/STM32L4xx_HAL_Driver/Src/stm32l4xx_hal_rcc.o
 .debug_rnglists
                0x0000079b       0x95 ./Drivers/STM32L4xx_HAL_Driver/Src/stm32l4xx_hal_rcc_ex.o
 .debug_rnglists
                0x00000830       0xb4 ./Drivers/STM32L4xx_HAL_Driver/Src/stm32l4xx_hal_rtc.o
 .debug_rnglists
                0x000008e4      0x178 ./Drivers/STM32L4xx_HAL_Driver/Src/stm32l4xx_hal_spi.o
 .debug_rnglists
                0x00000a5c      0x1db ./Drivers/STM32L4xx_HAL_Driver/Src/stm32l4xx_hal_uart.o

.debug_macro    0x00000000    0x28002
 .debug_macro   0x00000000      0x388 ./Core/Src/main.o
 .debug_macro   0x00000388      0xad8 ./Core/Src/main.o
 .debug_macro   0x00000e60      0x1b3 ./Core/Src/main.o
 .debug_macro   0x00001013       0x2e ./Core/Src/main.o
 .debug_macro   0x00001041       0x28 ./Core/Src/main.o
 .debug_macro   0x00001069       0x22 ./Core/Src/main.o
 .debug_macro   0x0000108b       0x8e ./Core/Src/main.o
 .debug_macro   0x00001119       0x51 ./Core/Src/main.o
 .debug_macro   0x0000116a      0x103 ./Core/Src/main.o
 .debug_macro   0x0000126d       0x6a ./Core/Src/main.o
 .debug_macro   0x000012d7      0x1df ./Core/Src/main.o
 .debug_macro   0x000014b6       0x1c ./Core/Src/main.o
 .debug_macro   0x000014d2       0x22 ./Core/Src/main.o
 .debug_macro   0x000014f4       0xfb ./Core/Src/main.o
 .debug_macro   0x000015ef     0x1011 ./Core/Src/main.o
 .debug_macro   0x00002600      0x11f ./Core/Src/main.o
 .debug_macro   0x0000271f    0x1a17a ./Core/Src/main.o
 .debug_macro   0x0001c899       0x6d ./Core/Src/main.o
 .debug_macro   0x0001c906     0x38e6 ./Core/Src/main.o
 .debug_macro   0x000201ec      0x190 ./Core/Src/main.o
 .debug_macro   0x0002037c       0x5c ./Core/Src/main.o
 .debug_macro   0x000203d8     0x159e ./Core/Src/main.o
 .debug_macro   0x00021976      0x5a5 ./Core/Src/main.o
 .debug_macro   0x00021f1b      0x1b9 ./Core/Src/main.o
 .debug_macro   0x000220d4      0x18b ./Core/Src/main.o
 .debug_macro   0x0002225f      0x26b ./Core/Src/main.o
 .debug_macro   0x000224ca      0x23d ./Core/Src/main.o
 .debug_macro   0x00022707      0x241 ./Core/Src/main.o
 .debug_macro   0x00022948      0x37c ./Core/Src/main.o
 .debug_macro   0x00022cc4       0xd6 ./Core/Src/main.o
 .debug_macro   0x00022d9a      0x22c ./Core/Src/main.o
 .debug_macro   0x00022fc6       0x61 ./Core/Src/main.o
 .debug_macro   0x00023027       0xa5 ./Core/Src/main.o
 .debug_macro   0x000230cc      0x122 ./Core/Src/main.o
 .debug_macro   0x000231ee      0x3ef ./Core/Src/main.o
 .debug_macro   0x000235dd      0x321 ./Core/Src/main.o
 .debug_macro   0x000238fe      0x4fb ./Core/Src/main.o
 .debug_macro   0x00023df9       0xeb ./Core/Src/main.o
 .debug_macro   0x00023ee4      0x2fe ./Core/Src/main.o
 .debug_macro   0x000241e2      0x5cf ./Core/Src/main.o
 .debug_macro   0x000247b1       0x44 ./Core/Src/main.o
 .debug_macro   0x000247f5      0x330 ./Core/Src/main.o
 .debug_macro   0x00024b25       0x76 ./Core/Src/main.o
 .debug_macro   0x00024b9b       0x2a ./Core/Src/main.o
 .debug_macro   0x00024bc5       0x61 ./Core/Src/main.o
 .debug_macro   0x00024c26       0x43 ./Core/Src/main.o
 .debug_macro   0x00024c69       0x34 ./Core/Src/main.o
 .debug_macro   0x00024c9d       0x16 ./Core/Src/main.o
 .debug_macro   0x00024cb3       0x3c ./Core/Src/main.o
 .debug_macro   0x00024cef      0x370 ./Core/Src/main.o
 .debug_macro   0x0002505f       0x16 ./Core/Src/main.o
 .debug_macro   0x00025075       0x4a ./Core/Src/main.o
 .debug_macro   0x000250bf       0x34 ./Core/Src/main.o
 .debug_macro   0x000250f3       0x10 ./Core/Src/main.o
 .debug_macro   0x00025103       0x58 ./Core/Src/main.o
 .debug_macro   0x0002515b       0x8e ./Core/Src/main.o
 .debug_macro   0x000251e9       0x1c ./Core/Src/main.o
 .debug_macro   0x00025205      0x185 ./Core/Src/main.o
 .debug_macro   0x0002538a       0x16 ./Core/Src/main.o
 .debug_macro   0x000253a0       0x29 ./Core/Src/main.o
 .debug_macro   0x000253c9       0x1c ./Core/Src/main.o
 .debug_macro   0x000253e5       0x10 ./Core/Src/main.o
 .debug_macro   0x000253f5       0x1c ./Core/Src/main.o
 .debug_macro   0x00025411       0x16 ./Core/Src/main.o
 .debug_macro   0x00025427      0x146 ./Core/Src/main.o
 .debug_macro   0x0002556d       0x16 ./Core/Src/main.o
 .debug_macro   0x00025583       0x20 ./Core/Src/main.o
 .debug_macro   0x000255a3       0x64 ./Core/Src/main.o
 .debug_macro   0x00025607       0x2e ./Core/Src/main.o
 .debug_macro   0x00025635       0x1c ./Core/Src/main.o
 .debug_macro   0x00025651       0x22 ./Core/Src/main.o
 .debug_macro   0x00025673      0x31e ./Core/Src/ssd1306.o
 .debug_macro   0x00025991       0x28 ./Core/Src/ssd1306.o
 .debug_macro   0x000259b9      0x19b ./Core/Src/ssd1306.o
 .debug_macro   0x00025b54      0x249 ./Core/Src/ssd1306_fonts.o
 .debug_macro   0x00025d9d      0x202 ./Core/Src/stm32l4xx_hal_msp.o
 .debug_macro   0x00025f9f      0x20c ./Core/Src/stm32l4xx_it.o
 .debug_macro   0x000261ab      0x24e ./Core/Src/sx1509.o
 .debug_macro   0x000263f9      0x2b4 ./Core/Src/sx1509.o
 .debug_macro   0x000266ad      0x1f3 ./Core/Src/system_stm32l4xx.o
 .debug_macro   0x000268a0      0x241 ./Drivers/STM32L4xx_HAL_Driver/Src/stm32l4xx_hal.o
 .debug_macro   0x00026ae1      0x1f3 ./Drivers/STM32L4xx_HAL_Driver/Src/stm32l4xx_hal_cortex.o
 .debug_macro   0x00026cd4      0x1fa ./Drivers/STM32L4xx_HAL_Driver/Src/stm32l4xx_hal_gpio.o
 .debug_macro   0x00026ece      0x2bf ./Drivers/STM32L4xx_HAL_Driver/Src/stm32l4xx_hal_i2c.o
 .debug_macro   0x0002718d      0x1f3 ./Drivers/STM32L4xx_HAL_Driver/Src/stm32l4xx_hal_i2c_ex.o
 .debug_macro   0x00027380      0x217 ./Drivers/STM32L4xx_HAL_Driver/Src/stm32l4xx_hal_pwr_ex.o
 .debug_macro   0x00027597      0x235 ./Drivers/STM32L4xx_HAL_Driver/Src/stm32l4xx_hal_rcc.o
 .debug_macro   0x000277cc      0x229 ./Drivers/STM32L4xx_HAL_Driver/Src/stm32l4xx_hal_rcc_ex.o
 .debug_macro   0x000279f5      0x1f4 ./Drivers/STM32L4xx_HAL_Driver/Src/stm32l4xx_hal_rtc.o
 .debug_macro   0x00027be9      0x1fb ./Drivers/STM32L4xx_HAL_Driver/Src/stm32l4xx_hal_spi.o
 .debug_macro   0x00027de4      0x21e ./Drivers/STM32L4xx_HAL_Driver/Src/stm32l4xx_hal_uart.o

.debug_line     0x00000000    0x1446c
 .debug_line    0x00000000      0xc23 ./Core/Src/main.o
 .debug_line    0x00000c23     0x1214 ./Core/Src/ssd1306.o
 .debug_line    0x00001e37      0x8a0 ./Core/Src/ssd1306_fonts.o
 .debug_line    0x000026d7      0x90f ./Core/Src/stm32l4xx_hal_msp.o
 .debug_line    0x00002fe6      0x858 ./Core/Src/stm32l4xx_it.o
 .debug_line    0x0000383e      0x965 ./Core/Src/sx1509.o
 .debug_line    0x000041a3      0x847 ./Core/Src/system_stm32l4xx.o
 .debug_line    0x000049ea       0x7a ./Core/Startup/startup_stm32l476rgtx.o
 .debug_line    0x00004a64      0xbb0 ./Drivers/STM32L4xx_HAL_Driver/Src/stm32l4xx_hal.o
 .debug_line    0x00005614      0xd20 ./Drivers/STM32L4xx_HAL_Driver/Src/stm32l4xx_hal_cortex.o
 .debug_line    0x00006334      0xc03 ./Drivers/STM32L4xx_HAL_Driver/Src/stm32l4xx_hal_gpio.o
 .debug_line    0x00006f37     0x3701 ./Drivers/STM32L4xx_HAL_Driver/Src/stm32l4xx_hal_i2c.o
 .debug_line    0x0000a638      0x90f ./Drivers/STM32L4xx_HAL_Driver/Src/stm32l4xx_hal_i2c_ex.o
 .debug_line    0x0000af47      0xd91 ./Drivers/STM32L4xx_HAL_Driver/Src/stm32l4xx_hal_pwr_ex.o
 .debug_line    0x0000bcd8     0x1102 ./Drivers/STM32L4xx_HAL_Driver/Src/stm32l4xx_hal_rcc.o
 .debug_line    0x0000cdda     0x15d1 ./Drivers/STM32L4xx_HAL_Driver/Src/stm32l4xx_hal_rcc_ex.o
 .debug_line    0x0000e3ab     0x1228 ./Drivers/STM32L4xx_HAL_Driver/Src/stm32l4xx_hal_rtc.o
 .debug_line    0x0000f5d3     0x20ef ./Drivers/STM32L4xx_HAL_Driver/Src/stm32l4xx_hal_spi.o
 .debug_line    0x000116c2     0x2daa ./Drivers/STM32L4xx_HAL_Driver/Src/stm32l4xx_hal_uart.o

.debug_str      0x00000000    0xf41be
 .debug_str     0x00000000    0xf41be ./Core/Src/main.o
                              0xef2fb (size before relaxing)
 .debug_str     0x000f41be        0x0 ./Core/Src/ssd1306.o
                              0xee8bd (size before relaxing)
 .debug_str     0x000f41be        0x0 ./Core/Src/ssd1306_fonts.o
                              0xea8ae (size before relaxing)
 .debug_str     0x000f41be        0x0 ./Core/Src/stm32l4xx_hal_msp.o
                              0xeb416 (size before relaxing)
 .debug_str     0x000f41be        0x0 ./Core/Src/stm32l4xx_it.o
                              0xea4b1 (size before relaxing)
 .debug_str     0x000f41be        0x0 ./Core/Src/sx1509.o
                              0xeb5cb (size before relaxing)
 .debug_str     0x000f41be        0x0 ./Core/Src/system_stm32l4xx.o
                              0xea494 (size before relaxing)
 .debug_str     0x000f41be        0x0 ./Core/Startup/startup_stm32l476rgtx.o
                                 0x73 (size before relaxing)
 .debug_str     0x000f41be        0x0 ./Drivers/STM32L4xx_HAL_Driver/Src/stm32l4xx_hal.o
                              0xeb093 (size before relaxing)
 .debug_str     0x000f41be        0x0 ./Drivers/STM32L4xx_HAL_Driver/Src/stm32l4xx_hal_cortex.o
                              0xeacdb (size before relaxing)
 .debug_str     0x000f41be        0x0 ./Drivers/STM32L4xx_HAL_Driver/Src/stm32l4xx_hal_gpio.o
                              0xea60d (size before relaxing)
 .debug_str     0x000f41be        0x0 ./Drivers/STM32L4xx_HAL_Driver/Src/stm32l4xx_hal_i2c.o
                              0xeb6a3 (size before relaxing)
 .debug_str     0x000f41be        0x0 ./Drivers/STM32L4xx_HAL_Driver/Src/stm32l4xx_hal_i2c_ex.o
                              0xea9cb (size before relaxing)
 .debug_str     0x000f41be        0x0 ./Drivers/STM32L4xx_HAL_Driver/Src/stm32l4xx_hal_pwr_ex.o
                              0xea9ef (size before relaxing)
 .debug_str     0x000f41be        0x0 ./Drivers/STM32L4xx_HAL_Driver/Src/stm32l4xx_hal_rcc.o
                              0xeaada (size before relaxing)
 .debug_str     0x000f41be        0x0 ./Drivers/STM32L4xx_HAL_Driver/Src/stm32l4xx_hal_rcc_ex.o
                              0xeac53 (size before relaxing)
 .debug_str     0x000f41be        0x0 ./Drivers/STM32L4xx_HAL_Driver/Src/stm32l4xx_hal_rtc.o
                              0xea91f (size before relaxing)
 .debug_str     0x000f41be        0x0 ./Drivers/STM32L4xx_HAL_Driver/Src/stm32l4xx_hal_spi.o
                              0xeacb5 (size before relaxing)
 .debug_str     0x000f41be        0x0 ./Drivers/STM32L4xx_HAL_Driver/Src/stm32l4xx_hal_uart.o
                              0xeb1ec (size before relaxing)

.comment        0x00000000       0x86
 .comment       0x00000000       0x86 ./Core/Src/main.o
                                 0x44 (size before relaxing)
 .comment       0x00000086        0x0 ./Core/Src/ssd1306.o
                                 0x44 (size before relaxing)
 .comment       0x00000086        0x0 ./Core/Src/ssd1306_fonts.o
                                 0x44 (size before relaxing)
 .comment       0x00000086        0x0 ./Core/Src/stm32l4xx_hal_msp.o
                                 0x44 (size before relaxing)
 .comment       0x00000086        0x0 ./Core/Src/stm32l4xx_it.o
                                 0x44 (size before relaxing)
 .comment       0x00000086        0x0 ./Core/Src/sx1509.o
                                 0x44 (size before relaxing)
 .comment       0x00000086        0x0 ./Core/Src/system_stm32l4xx.o
                                 0x44 (size before relaxing)
 .comment       0x00000086        0x0 ./Drivers/STM32L4xx_HAL_Driver/Src/stm32l4xx_hal.o
                                 0x44 (size before relaxing)
 .comment       0x00000086        0x0 ./Drivers/STM32L4xx_HAL_Driver/Src/stm32l4xx_hal_cortex.o
                                 0x44 (size before relaxing)
 .comment       0x00000086        0x0 ./Drivers/STM32L4xx_HAL_Driver/Src/stm32l4xx_hal_gpio.o
                                 0x44 (size before relaxing)
 .comment       0x00000086        0x0 ./Drivers/STM32L4xx_HAL_Driver/Src/stm32l4xx_hal_i2c.o
                                 0x44 (size before relaxing)
 .comment       0x00000086        0x0 ./Drivers/STM32L4xx_HAL_Driver/Src/stm32l4xx_hal_i2c_ex.o
                                 0x44 (size before relaxing)
 .comment       0x00000086        0x0 ./Drivers/STM32L4xx_HAL_Driver/Src/stm32l4xx_hal_pwr_ex.o
                                 0x44 (size before relaxing)
 .comment       0x00000086        0x0 ./Drivers/STM32L4xx_HAL_Driver/Src/stm32l4xx_hal_rcc.o
                                 0x44 (size before relaxing)
 .comment       0x00000086        0x0 ./Drivers/STM32L4xx_HAL_Driver/Src/stm32l4xx_hal_rcc_ex.o
                                 0x44 (size before relaxing)
 .comment       0x00000086        0x0 ./Drivers/STM32L4xx_HAL_Driver/Src/stm32l4xx_hal_rtc.o
                                 0x44 (size before relaxing)
 .comment       0x00000086        0x0 ./Drivers/STM32L4xx_HAL_Driver/Src/stm32l4xx_hal_spi.o
                                 0x44 (size before relaxing)
 .comment       0x00000086        0x0 ./Drivers/STM32L4xx_HAL_Driver/Src/stm32l4xx_hal_uart.o
                                 0x44 (size before relaxing)

.debug_frame    0x00000000     0x41bc
 .debug_frame   0x00000000      0x130 ./Core/Src/main.o
 .debug_frame   0x00000130      0x3e0 ./Core/Src/ssd1306.o
 .debug_frame   0x00000510      0x164 ./Core/Src/stm32l4xx_hal_msp.o
 .debug_frame   0x00000674      0x104 ./Core/Src/stm32l4xx_it.o
 .debug_frame   0x00000778       0xa8 ./Core/Src/sx1509.o
 .debug_frame   0x00000820       0x58 ./Core/Src/system_stm32l4xx.o
 .debug_frame   0x00000878      0x498 ./Drivers/STM32L4xx_HAL_Driver/Src/stm32l4xx_hal.o
 .debug_frame   0x00000d10      0x498 ./Drivers/STM32L4xx_HAL_Driver/Src/stm32l4xx_hal_cortex.o
 .debug_frame   0x000011a8      0x14c ./Drivers/STM32L4xx_HAL_Driver/Src/stm32l4xx_hal_gpio.o
 .debug_frame   0x000012f4      0xc38 ./Drivers/STM32L4xx_HAL_Driver/Src/stm32l4xx_hal_i2c.o
 .debug_frame   0x00001f2c      0x100 ./Drivers/STM32L4xx_HAL_Driver/Src/stm32l4xx_hal_i2c_ex.o
 .debug_frame   0x0000202c      0x584 ./Drivers/STM32L4xx_HAL_Driver/Src/stm32l4xx_hal_pwr_ex.o
 .debug_frame   0x000025b0      0x21c ./Drivers/STM32L4xx_HAL_Driver/Src/stm32l4xx_hal_rcc.o
 .debug_frame   0x000027cc      0x2fc ./Drivers/STM32L4xx_HAL_Driver/Src/stm32l4xx_hal_rcc_ex.o
 .debug_frame   0x00002ac8      0x3f4 ./Drivers/STM32L4xx_HAL_Driver/Src/stm32l4xx_hal_rtc.o
 .debug_frame   0x00002ebc      0x860 ./Drivers/STM32L4xx_HAL_Driver/Src/stm32l4xx_hal_spi.o
 .debug_frame   0x0000371c      0x9f4 ./Drivers/STM32L4xx_HAL_Driver/Src/stm32l4xx_hal_uart.o
 .debug_frame   0x00004110       0x20 C:/ST/STM32CubeIDE_1.19.0/STM32CubeIDE/plugins/com.st.stm32cube.ide.mcu.externaltools.gnu-tools-for-stm32.13.3.rel1.win32_1.0.100.202509120712/tools/bin/../lib/gcc/arm-none-eabi/13.3.1/../../../../arm-none-eabi/lib/thumb/v7e-m+fp/hard\libc_nano.a(libc_a-memset.o)
 .debug_frame   0x00004130       0x2c C:/ST/STM32CubeIDE_1.19.0/STM32CubeIDE/plugins/com.st.stm32cube.ide.mcu.externaltools.gnu-tools-for-stm32.13.3.rel1.win32_1.0.100.202509120712/tools/bin/../lib/gcc/arm-none-eabi/13.3.1/../../../../arm-none-eabi/lib/thumb/v7e-m+fp/hard\libc_nano.a(libc_a-init.o)
 .debug_frame   0x0000415c       0x2c C:/ST/STM32CubeIDE_1.19.0/STM32CubeIDE/plugins/com.st.stm32cube.ide.mcu.externaltools.gnu-tools-for-stm32.13.3.rel1.win32_1.0.100.202509120712/tools/bin/../lib/gcc/arm-none-eabi/13.3.1/thumb/v7e-m+fp/hard\libgcc.a(_aeabi_uldivmod.o)
 .debug_frame   0x00004188       0x34 C:/ST/STM32CubeIDE_1.19.0/STM32CubeIDE/plugins/com.st.stm32cube.ide.mcu.externaltools.gnu-tools-for-stm32.13.3.rel1.win32_1.0.100.202509120712/tools/bin/../lib/gcc/arm-none-eabi/13.3.1/thumb/v7e-m+fp/hard\libgcc.a(_udivmoddi4.o)

.debug_line_str
                0x00000000       0x57
 .debug_line_str
                0x00000000       0x57 ./Core/Startup/startup_stm32l476rgtx.o
